mikoyan-mig-29\tex\cockpi2t.tga
mikoyan-mig-29\tex\gear.tga
mikoyan-mig-29\tex\hud.tga
mikoyan-mig-29\tex\mig29_bump.tga
mikoyan-mig-29\tex\mig29_db.tga
mikoyan-mig-29\tex\mig29_diff - copy.tga
mikoyan-mig-29\tex\mig29_diff.tga
mikoyan-mig-29\tex\mig29_lg.tga
mikoyan-mig-29\tex\mig29_tire.tga
mikoyan-mig-29\tex\seat.tga
mikoyan-mig-29\num\1.png
mikoyan-mig-29\num\2.png
mikoyan-mig-29\num\3.png
mikoyan-mig-29\num\4.png
mikoyan-mig-29\num\5.png
mikoyan-mig-29\num\6.png
mikoyan-mig-29\num\7.png
mikoyan-mig-29\num\8.png
mikoyan-mig-29\num\9.png
mikoyan-mig-29\tex\black.png
mikoyan-mig-29\tex\body1_co.png
mikoyan-mig-29\tex\body_russian.png
mikoyan-mig-29\tex\camu.png
mikoyan-mig-29\tex\cockpit.png
mikoyan-mig-29\tex\glass.png
mikoyan-mig-29\tex\hud.png
mikoyan-mig-29\tex\hud_glass.png
mikoyan-mig-29\tex\ma.png
mikoyan-mig-29\tex\mig29_diff.png
mikoyan-mig-29\tex\mig29_diff_nrm.png
mikoyan-mig-29\tex\mig29_smd.png
mikoyan-mig-29\tex\minipit_ca.png
mikoyan-mig-29\tex\panel_glass.png
mikoyan-mig-29\tex\seat.png
mikoyan-mig-29\tex\stick.png
mikoyan-mig-29\tex\su27_tex01_2013.bmp.png
mikoyan-mig-29\tex\thrust.png
mikoyan-mig-29\tex\window_ca.png
mikoyan-mig-29\wep\kh29\tex\kh29l_co.png
